
> frontend@0.1.0 dev
> next dev

▲ Next.js 16.2.10 (Turbopack)
- Local:         http://localhost:3000
- Network:       http://192.168.56.1:3000
- Environments: .env.local
✓ Ready in 7.5s

 GET / 200 in 1775ms (next.js: 1199ms, application-code: 576ms)
 GET /login 200 in 136ms (next.js: 82ms, application-code: 54ms)
 GET /dashboard 200 in 147ms (next.js: 93ms, application-code: 54ms)
 GET /dashboard/resumes/0d5034e3-3fa3-4c26-bf21-fce5fffda953 200 in 1403ms (next.js: 1344ms, application-code: 59ms)
 GET /dashboard 200 in 90ms (next.js: 14ms, application-code: 76ms)
 GET /dashboard/resumes/ea904dca-3509-47d1-8f0f-9a3b13721261 200 in 117ms (next.js: 36ms, application-code: 81ms)
 GET /dashboard 200 in 69ms (next.js: 12ms, application-code: 57ms)
 GET /dashboard/resumes/08946e87-9040-4e6e-90af-86adbf5aafd3 200 in 74ms (next.js: 28ms, application-code: 46ms)
 GET /dashboard 200 in 56ms (next.js: 11ms, application-code: 45ms)
 GET /dashboard/resumes/8b2b82e0-53e5-450b-901f-abffb803767f 200 in 65ms (next.js: 24ms, application-code: 41ms)
 GET /dashboard 200 in 79ms (next.js: 32ms, application-code: 47ms)
 GET /dashboard 200 in 45ms (next.js: 25ms, application-code: 20ms)
 GET /dashboard 200 in 54ms (next.js: 11ms, application-code: 44ms)
 GET /dashboard 200 in 25ms (next.js: 10ms, application-code: 15ms)
 GET /dashboard 200 in 55ms (next.js: 9ms, application-code: 47ms)
 GET /dashboard 200 in 53ms (next.js: 33ms, application-code: 20ms)
 GET /dashboard 200 in 50ms (next.js: 12ms, application-code: 38ms)
 GET / 200 in 149ms (next.js: 93ms, application-code: 56ms)
 GET /login 200 in 151ms (next.js: 19ms, application-code: 132ms)
 GET / 200 in 52ms (next.js: 10ms, application-code: 42ms)
 GET / 200 in 25ms (next.js: 10ms, application-code: 15ms)
 GET / 200 in 52ms (next.js: 11ms, application-code: 41ms)
 GET / 200 in 26ms (next.js: 10ms, application-code: 15ms)
 GET / 200 in 38ms (next.js: 11ms, application-code: 27ms)
 GET / 200 in 221ms (next.js: 10ms, application-code: 211ms)
 GET /login 200 in 58ms (next.js: 12ms, application-code: 46ms)
 GET /dashboard 200 in 50ms (next.js: 13ms, application-code: 37ms)
 GET /dashboard/resumes/dca87412-404f-439a-bf8e-9b5228873f79 200 in 72ms (next.js: 29ms, application-code: 43ms)
 GET / 200 in 135ms (next.js: 14ms, application-code: 120ms)
 GET /login 200 in 136ms (next.js: 71ms, application-code: 65ms)
 GET / 200 in 36ms (next.js: 9ms, application-code: 27ms)
